// Vitest Snapshot v1, https://vitest.dev/guide/snapshot.html

exports[`Integration > should work with CS degree 1`] = `
{
  "points": [
    73.5,
    118.5,
  ],
  "requirements": Map {
    "core" => [
      {
        "courses": [
          "01040031",
          "01040166",
          "02340114",
          "02340129",
          "03240033",
          "01040032",
          "01140071",
          "02340124",
          "02340125",
          "02340141",
          "00940412",
          "01040134",
          "02340218",
          "00440252",
          "02340252",
          "02340292",
          "02340118",
          "02340123",
          "02340247",
          "01040135",
          "01040033",
          "01040174",
          "01040122",
          "01040142",
          "01040285",
          "01040295",
          "01140075",
          "01140052",
          "01140054",
          "01140073",
          "01140101",
          "01140246",
          "01240120",
          "01250001",
          "01250801",
          "01240510",
          "01340058",
          "01340020",
          "02360343",
          "02360360",
        ],
        "points": 84.5,
      },
      {
        "courses": [
          "01040031",
          "01040166",
          "02340114",
          "02340129",
          "03240033",
          "01040032",
          "01140071",
          "02340124",
          "02340125",
          "02340141",
          "00940412",
          "01040134",
          "02340218",
          "00440252",
          "02340292",
          "02340118",
          "02340123",
          "02340247",
          "02360343",
          "02360360",
        ],
        "points": 73.5,
      },
    ],
    "english" => [
      {
        "count": 2,
        "courses": [
          "00860762",
          "00840515",
          "00860320",
          "00860478",
          "00850915",
          "00860800",
          "00860822",
          "02740251",
          "01980000",
          "02360009",
          "00160102",
          "00160208",
          "00160328",
          "00170012",
          "00140603",
          "00140143",
          "00160503",
          "03150242",
          "03150014",
          "03240262",
          "03240282",
          "03240305",
          "03240527",
          "03250016",
          "03260001",
          "03260002",
          "03260006",
          "03260009",
          "01040122",
          "01040181",
          "01060350",
          "01060395",
          "01060429",
          "01060803",
          "01060935",
          "01060937",
          "01960012",
          "01960014",
          "01970007",
          "01970014",
          "00460200",
          "00460240",
          "00460746",
          "01340039",
          "01340128",
          "01360037",
          "01140229",
          "01140252",
          "01140250",
          "01140251",
          "00560149",
          "00560391",
          "00560404",
          "00560406",
          "00560407",
          "00560403",
          "00560405",
          "00560146",
          "03360014",
          "03360032",
          "03360209",
          "03360539",
          "03360541",
          "03360549",
          "03380001",
          "02360025",
          "02360306",
          "02360613",
          "02360640",
          "02360664",
          "02360824",
          "00190627",
          "02050586",
          "02050028",
          "02060926",
          "02070048",
          "02060006",
          "02060840",
          "00340034",
          "00360001",
          "00360004",
          "00360008",
          "00360010",
          "00360013",
          "00360014",
          "00360026",
          "00360027",
          "00360032",
          "00360035",
          "00360044",
          "00360063",
          "00360065",
          "00360079",
          "00360080",
          "00360711",
          "00360097",
          "00360103",
          "00660605",
          "00660532",
          "00660533",
          "01260200",
          "01260603",
          "01260700",
          "01270002",
          "01270446",
          "01270727",
          "00960226",
          "00960412",
          "00960606",
        ],
      },
      {
        "count": 0,
        "courses": [],
      },
    ],
    "list_a" => [
      {
        "courses": [
          "02340268",
          "02340302",
          "02340303",
          "02340304",
          "02340313",
          "02340326",
          "02340329",
          "02340493",
          "02340901",
          "02360002",
          "02360004",
          "02360025",
          "02360026",
          "02360201",
          "02360203",
          "02360204",
          "02360205",
          "02360206",
          "02360216",
          "02360268",
          "02360270",
          "02360271",
          "02360272",
          "02360278",
          "02360299",
          "02360303",
          "02360304",
          "02360306",
          "02360309",
          "02360310",
          "02360313",
          "02360315",
          "02360318",
          "02360319",
          "02360321",
          "02360322",
          "02360323",
          "02360324",
          "02360328",
          "02360329",
          "02360330",
          "02360332",
          "02360333",
          "02360334",
          "02360336",
          "02360340",
          "02360341",
          "02360342",
          "02360345",
          "02360346",
          "02360347",
          "02360348",
          "02360349",
          "02360350",
          "02360351",
          "02360356",
          "02360357",
          "02360358",
          "02360359",
          "02360360",
          "02360361",
          "02360363",
          "02360366",
          "02360369",
          "02360370",
          "02360371",
          "02360372",
          "02360373",
          "02360374",
          "02360376",
          "02360377",
          "02360378",
          "02360379",
          "02360381",
          "02360388",
          "02360422",
          "02360490",
          "02360491",
          "02360496",
          "02360499",
          "02360500",
          "02360501",
          "02360502",
          "02360503",
          "02360504",
          "02360506",
          "02360508",
          "02360509",
          "02360510",
          "02360512",
          "02360513",
          "02360515",
          "02360518",
          "02360520",
          "02360521",
          "02360522",
          "02360523",
          "02360524",
          "02360525",
          "02360526",
          "02360612",
          "02360613",
          "02360620",
          "02360621",
          "02360622",
          "02360623",
          "02360624",
          "02360625",
          "02360627",
          "02360628",
          "02360629",
          "02360630",
          "02360631",
          "02360632",
          "02360633",
          "02360634",
          "02360635",
          "02360637",
          "02360638",
          "02360640",
          "02360641",
          "02360643",
          "02360644",
          "02360645",
          "02360646",
          "02360647",
          "02360648",
          "02360649",
          "02360650",
          "02360651",
          "02360652",
          "02360653",
          "02360654",
          "02360655",
          "02360657",
          "02360658",
          "02360660",
          "02360661",
          "02360662",
          "02360663",
          "02360664",
          "02360667",
          "02360668",
          "02360669",
          "02360670",
          "02360698",
          "02360700",
          "02360703",
          "02360712",
          "02360715",
          "02360716",
          "02360719",
          "02360729",
          "02360754",
          "02360755",
          "02360756",
          "02360757",
          "02360760",
          "02360777",
          "02360779",
          "02360780",
          "02360781",
          "02360800",
          "02360811",
          "02360812",
          "02360813",
          "02360814",
          "02360815",
          "02360816",
          "02360817",
          "02360818",
          "02360819",
          "02360820",
          "02360821",
          "02360822",
          "02360823",
          "02360824",
          "02360825",
          "02360826",
          "02360827",
          "02360828",
          "02360829",
          "02360830",
          "02360831",
          "02360832",
          "02360833",
          "02360834",
          "02360835",
          "02360836",
          "02360837",
          "02360838",
          "02360860",
          "02360861",
          "02360862",
          "02360873",
          "02360874",
          "02360875",
          "02360901",
          "02360927",
          "02360990",
          "02360991",
          "02380100",
          "02380125",
          "02380739",
          "02380790",
          "02380900",
          "02380901",
          "02380902",
        ],
        "overflow": "list_b",
        "points": 18,
      },
      {
        "courses": [
          "02360360",
        ],
        "points": 3,
      },
    ],
    "list_b" => [
      {
        "courses": [
          "00360044",
          "00440105",
          "00440127",
          "00440131",
          "00440137",
          "00440157",
          "00440167",
          "00440169",
          "00440202",
          "00460201",
          "00460206",
          "00460332",
          "00460880",
          "00480878",
          "00480921",
          "00860761",
          "00940222",
          "00940313",
          "00940314",
          "00940333",
          "00940334",
          "00940423",
          "00940591",
          "00960200",
          "00960211",
          "00960224",
          "00960250",
          "00960262",
          "00960326",
          "00960411",
          "00970317",
          "01040122",
          "01040135",
          "01040142",
          "01040157",
          "01040165",
          "01040174",
          "01040158",
          "01040177",
          "01040192",
          "01040221",
          "01040223",
          "01040279",
          "01040293",
          "01060378",
          "01040294",
          "01060383",
          "01140101",
          "01140246",
          "01150203",
          "01150204",
          "01140036",
          "01160217",
          "01160354",
          "01240120",
          "01240400",
          "01240503",
          "01240801",
          "01250801",
          "01340019",
          "01340020",
          "01340058",
          "01340082",
          "01340113",
          "01340128",
          "01340119",
          "01340142",
          "02140909",
          "01040033",
          "01040285",
          "01040295",
        ],
        "points": 6.5,
      },
      {
        "courses": [],
        "points": 0,
      },
    ],
    "malag" => [
      {
        "courses": [
          "02140120",
          "03240258",
          "03240262",
          "03240265",
          "03240269",
          "03240273",
          "03240282",
          "03240284",
          "03240286",
          "03240292",
          "03240298",
          "03240305",
          "03240306",
          "03240307",
          "03240315",
          "03240436",
          "03240441",
          "03240442",
          "03240445",
          "03240474",
          "03240518",
          "03240520",
          "03240527",
          "03240528",
          "03240540",
          "03240541",
          "03240962",
          "03240987",
          "03240992",
          "03250001",
          "03250002",
          "03250006",
          "03250010",
          "03250011",
          "03250012",
          "03250015",
          "03250016",
          "03250017",
          "03250019",
          "03250020",
          "03260001",
          "03260002",
          "03260006",
          "03260009",
        ],
        "points": 6,
      },
      {
        "courses": [],
        "points": 0,
      },
    ],
    "math" => [
      {
        "count": 1,
        "courses": [
          "01040135",
          "01040033",
          "01040174",
          "01040122",
          "01040142",
          "01040285",
          "01040295",
        ],
      },
      {
        "count": 0,
        "courses": [],
      },
    ],
    "other" => [
      {
        "courses": [],
        "points": 2,
      },
      {
        "courses": [],
        "points": 0,
      },
    ],
    "project" => [
      {
        "count": 1,
        "courses": [
          "02340302",
          "02340303",
          "02340304",
          "02340313",
          "02340326",
          "02340329",
          "02360270",
          "02360272",
          "02360303",
          "02360323",
          "02360328",
          "02360333",
          "02360340",
          "02360346",
          "02360349",
          "02360361",
          "02360366",
          "02360371",
          "02360381",
          "02360499",
          "02360502",
          "02360503",
          "02360504",
          "02360512",
          "02360513",
          "02360524",
          "02360526",
          "02360729",
          "02360754",
          "02360757",
          "02360828",
          "02360874",
          "02360991",
          "00440167",
          "00440169",
          "01140252",
        ],
      },
      {
        "count": 0,
        "courses": [],
      },
    ],
    "science" => [
      {
        "choice": {
          "amount": 1,
          "options": Map {
            "biology_chain" => {
              "count": 1,
              "courses": [
                "01340058",
                "01340020",
              ],
            },
            "physics-chemistry_chain" => {
              "count": 1,
              "courses": [
                "01240120",
                "01140052",
              ],
            },
            "physics_chain" => {
              "choice": {
                "amount": 1,
                "options": Map {
                  "1" => {
                    "count": 1,
                    "courses": [
                      "01140075",
                    ],
                  },
                  "2" => {
                    "count": 2,
                    "courses": [
                      "01140052",
                      "01140054",
                    ],
                  },
                },
              },
            },
          },
        },
        "courses": [
          "01140075",
          "01140052",
          "01140054",
          "01140073",
          "01140101",
          "01140246",
          "01240120",
          "01250001",
          "01250801",
          "01240510",
          "01340058",
          "01340020",
        ],
        "overflow": "list_b",
        "points": 8,
      },
      {
        "choice": {
          "amount": 0,
          "options": Map {
            "biology_chain" => [
              {
                "count": 1,
                "courses": [
                  "01340058",
                  "01340020",
                ],
              },
              {
                "count": 0,
                "courses": [],
              },
            ],
            "physics-chemistry_chain" => [
              {
                "count": 1,
                "courses": [
                  "01240120",
                  "01140052",
                ],
              },
              {
                "count": 0,
                "courses": [],
              },
            ],
            "physics_chain" => [
              {
                "choice": {
                  "amount": 1,
                  "options": Map {
                    "1" => {
                      "count": 1,
                      "courses": [
                        "01140075",
                      ],
                    },
                    "2" => {
                      "count": 2,
                      "courses": [
                        "01140052",
                        "01140054",
                      ],
                    },
                  },
                },
              },
              {
                "choice": {
                  "amount": 0,
                  "options": Map {
                    "1" => [
                      {
                        "count": 1,
                        "courses": [
                          "01140075",
                        ],
                      },
                      {
                        "count": 0,
                        "courses": [],
                      },
                    ],
                    "2" => [
                      {
                        "count": 2,
                        "courses": [
                          "01140052",
                          "01140054",
                        ],
                      },
                      {
                        "count": 0,
                        "courses": [],
                      },
                    ],
                  },
                },
              },
            ],
          },
        },
        "courses": [],
        "points": 0,
      },
    ],
  },
}
`;
